[2026-02-26T01:24:06.935Z] Plugin initialized: 0 commands []
[2026-02-26T01:24:10.949Z] Registered /subtask command
[2026-02-26T01:25:19.168Z] message-hooks: ENTRY msgCount=2, sessions=ses_368731c70ffesPv2HH2tJnEjyD
[2026-02-26T01:25:19.168Z] message-hooks: MESSAGES: [0]user: text:"After the first few problems are assigne..." | [1]user: text:"[SYSTEM: CURRENT_MODEL_ANNOUNCEMENT - Yo..."(syn), text:"[search-mode]
MAXIMIZE SEARCH EFFORT. La..."(syn)
[2026-02-26T01:25:19.168Z] message-hooks: post-filter, msgCount=2
[2026-02-26T01:25:19.168Z] message-hooks: about to search for OPENCODE_GENERIC
[2026-02-26T01:25:19.168Z] message-hooks: searching 2 messages for OPENCODE_GENERIC
[2026-02-26T01:25:19.168Z] message-hooks: found synthetic text at [1]: "[SYSTEM: CURRENT_MODEL_ANNOUNCEMENT - You are GPT-..." matches=false
[2026-02-26T01:25:19.168Z] message-hooks: found synthetic text at [1]: "[search-mode]
MAXIMIZE SEARCH EFFORT. Launch multi..." matches=false
[2026-02-26T01:25:19.168Z] message-hooks: generic search complete, found=false, index=-1
[2026-02-26T01:25:19.168Z] message-hooks: no generic part found, checking for pending prompt return
[2026-02-26T01:25:27.346Z] message-hooks: ENTRY msgCount=3, sessions=ses_368731c70ffesPv2HH2tJnEjyD
[2026-02-26T01:25:27.346Z] message-hooks: MESSAGES: [0]user: text:"After the first few problems are assigne..." | [1]user: text:"[SYSTEM: CURRENT_MODEL_ANNOUNCEMENT - Yo..."(syn), text:"[search-mode]
MAXIMIZE SEARCH EFFORT. La..."(syn) | [2]assistant: step-start, reasoning, text:"I detect **fix/investigation intent** — ...", tool:completed, tool:completed, step-finish
[2026-02-26T01:25:27.346Z] message-hooks: post-filter, msgCount=3
[2026-02-26T01:25:27.346Z] message-hooks: about to search for OPENCODE_GENERIC
[2026-02-26T01:25:27.346Z] message-hooks: searching 3 messages for OPENCODE_GENERIC
[2026-02-26T01:25:27.346Z] message-hooks: found synthetic text at [1]: "[SYSTEM: CURRENT_MODEL_ANNOUNCEMENT - You are GPT-..." matches=false
[2026-02-26T01:25:27.346Z] message-hooks: found synthetic text at [1]: "[search-mode]
MAXIMIZE SEARCH EFFORT. Launch multi..." matches=false
[2026-02-26T01:25:27.346Z] message-hooks: generic search complete, found=false, index=-1
[2026-02-26T01:25:27.346Z] message-hooks: no generic part found, checking for pending prompt return
[2026-02-26T01:25:30.502Z] message-hooks: ENTRY msgCount=6, sessions=ses_368731c70ffesPv2HH2tJnEjyD
[2026-02-26T01:25:30.502Z] message-hooks: MESSAGES: [0]user: text:"After the first few problems are assigne..." | [1]user: text:"[search-mode]
MAXIMIZE SEARCH EFFORT. La..."(syn) | [2]assistant: step-start, reasoning, text:"I detect **fix/investigation intent** — ...", tool:completed, tool:completed, step-finish | [3]assistant: step-start, reasoning, tool:completed, tool:completed, step-finish | [4]user: text:"[search-mode]
MAXIMIZE SEARCH EFFORT. La..."(syn) | [5]user: text:"[SYSTEM: CURRENT_MODEL_ANNOUNCEMENT - Yo..."(syn), text:"[search-mode]
MAXIMIZE SEARCH EFFORT. La..."(syn)
[2026-02-26T01:25:30.502Z] message-hooks: post-filter, msgCount=6
[2026-02-26T01:25:30.502Z] message-hooks: about to search for OPENCODE_GENERIC
[2026-02-26T01:25:30.502Z] message-hooks: searching 6 messages for OPENCODE_GENERIC
[2026-02-26T01:25:30.502Z] message-hooks: found synthetic text at [1]: "[search-mode]
MAXIMIZE SEARCH EFFORT. Launch multi..." matches=false
[2026-02-26T01:25:30.502Z] message-hooks: found synthetic text at [4]: "[search-mode]
MAXIMIZE SEARCH EFFORT. Launch multi..." matches=false
[2026-02-26T01:25:30.502Z] message-hooks: found synthetic text at [5]: "[SYSTEM: CURRENT_MODEL_ANNOUNCEMENT - You are GPT-..." matches=false
[2026-02-26T01:25:30.502Z] message-hooks: found synthetic text at [5]: "[search-mode]
MAXIMIZE SEARCH EFFORT. Launch multi..." matches=false
[2026-02-26T01:25:30.502Z] message-hooks: generic search complete, found=false, index=-1
[2026-02-26T01:25:30.502Z] message-hooks: no generic part found, checking for pending prompt return
[2026-02-26T01:25:42.531Z] message-hooks: ENTRY msgCount=7, sessions=ses_368731c70ffesPv2HH2tJnEjyD
[2026-02-26T01:25:42.531Z] message-hooks: MESSAGES: [0]user: text:"After the first few problems are assigne..." | [1]user: text:"[search-mode]
MAXIMIZE SEARCH EFFORT. La..."(syn) | [2]assistant: step-start, reasoning, text:"I detect **fix/investigation intent** — ...", tool:completed, tool:completed, step-finish | [3]assistant: step-start, reasoning, tool:completed, tool:completed, step-finish | [4]user: text:"[search-mode]
MAXIMIZE SEARCH EFFORT. La..."(syn) | [5]user: text:"[SYSTEM: CURRENT_MODEL_ANNOUNCEMENT - Yo..."(syn), text:"[search-mode]
MAXIMIZE SEARCH EFFORT. La..."(syn) | [6]assistant: step-start, reasoning, text:"I detect **investigation/fix intent** — ...", tool:completed, step-finish
[2026-02-26T01:25:42.531Z] message-hooks: post-filter, msgCount=7
[2026-02-26T01:25:42.531Z] message-hooks: about to search for OPENCODE_GENERIC
[2026-02-26T01:25:42.531Z] message-hooks: searching 7 messages for OPENCODE_GENERIC
[2026-02-26T01:25:42.531Z] message-hooks: found synthetic text at [1]: "[search-mode]
MAXIMIZE SEARCH EFFORT. Launch multi..." matches=false
[2026-02-26T01:25:42.531Z] message-hooks: found synthetic text at [4]: "[search-mode]
MAXIMIZE SEARCH EFFORT. Launch multi..." matches=false
[2026-02-26T01:25:42.531Z] message-hooks: found synthetic text at [5]: "[SYSTEM: CURRENT_MODEL_ANNOUNCEMENT - You are GPT-..." matches=false
[2026-02-26T01:25:42.531Z] message-hooks: found synthetic text at [5]: "[search-mode]
MAXIMIZE SEARCH EFFORT. Launch multi..." matches=false
[2026-02-26T01:25:42.531Z] message-hooks: generic search complete, found=false, index=-1
[2026-02-26T01:25:42.531Z] message-hooks: no generic part found, checking for pending prompt return
[2026-02-26T01:25:54.836Z] tool.before: taskSession=ses_368731c70ffesPv2HH2tJnEjyD, prompt="[CONTEXT]: Java distributed wo...", pendingParentSession=NOT FOUND
[2026-02-26T01:25:54.837Z] tool.before: callID=call_ftYd7137YiuPk9wz8p8ydHUq, cmd=undefined, desc="Trace worker assignment flow", mainCmd=undefined
[2026-02-26T01:25:54.841Z] tool.before: taskSession=ses_368731c70ffesPv2HH2tJnEjyD, prompt="[CONTEXT]: Same project. Need ...", pendingParentSession=NOT FOUND
[2026-02-26T01:25:54.841Z] tool.before: callID=call_JYZxxNtA6fsePYKjp3wAPbdR, cmd=undefined, desc="Find queue and scheduler patte", mainCmd=undefined
[2026-02-26T01:25:54.848Z] tool.before: taskSession=ses_368731c70ffesPv2HH2tJnEjyD, prompt="[CONTEXT]: Need external refer...", pendingParentSession=NOT FOUND
[2026-02-26T01:25:54.848Z] tool.before: callID=call_ffd5x4JwkHUEVYxbY7dof5yJ, cmd=undefined, desc="Reference patterns for pull-ba", mainCmd=undefined
[2026-02-26T01:25:54.980Z] session.idle: sessionID=ses_368728fb0ffeQhkSIziUTq5jl6
[2026-02-26T01:25:54.982Z] session.idle: sessionID=ses_368728fb0ffeQhkSIziUTq5jl6
[2026-02-26T01:25:54.992Z] tool.after: callID=call_ftYd7137YiuPk9wz8p8ydHUq, cmd=undefined, wasTracked=false
[2026-02-26T01:25:54.992Z] tool.after: parentSession=undefined, loopSession=ses_368731c70ffesPv2HH2tJnEjyD, hasLoop=false, isInlineLoop=false
[2026-02-26T01:25:54.994Z] tool.after: callID=call_JYZxxNtA6fsePYKjp3wAPbdR, cmd=undefined, wasTracked=false
[2026-02-26T01:25:54.994Z] tool.after: parentSession=undefined, loopSession=ses_368731c70ffesPv2HH2tJnEjyD, hasLoop=false, isInlineLoop=false
[2026-02-26T01:25:55.000Z] tool.after: callID=call_ffd5x4JwkHUEVYxbY7dof5yJ, cmd=undefined, wasTracked=false
[2026-02-26T01:25:55.000Z] tool.after: parentSession=undefined, loopSession=ses_368731c70ffesPv2HH2tJnEjyD, hasLoop=false, isInlineLoop=false
[2026-02-26T01:25:55.012Z] session.idle: sessionID=ses_368728f56ffeaRKrkAfc3pWm3W
[2026-02-26T01:25:55.013Z] session.idle: sessionID=ses_368728f56ffeaRKrkAfc3pWm3W
[2026-02-26T01:25:55.101Z] message-hooks: ENTRY msgCount=2, sessions=ses_368728fb1ffeSryXQSZLEoUYGr
[2026-02-26T01:25:55.101Z] message-hooks: MESSAGES: [0]user: text:"[CONTEXT]: Same project. Need exhaustive..." | [1]user: text:"[SYSTEM: CURRENT_MODEL_ANNOUNCEMENT - Yo..."(syn), text:"<available-skills>
Use the use_skill, re..."(syn)
[2026-02-26T01:25:55.101Z] message-hooks: post-filter, msgCount=2
[2026-02-26T01:25:55.101Z] message-hooks: about to search for OPENCODE_GENERIC
[2026-02-26T01:25:55.101Z] message-hooks: searching 2 messages for OPENCODE_GENERIC
[2026-02-26T01:25:55.101Z] message-hooks: found synthetic text at [1]: "[SYSTEM: CURRENT_MODEL_ANNOUNCEMENT - You are GPT-..." matches=false
[2026-02-26T01:25:55.101Z] message-hooks: found synthetic text at [1]: "<available-skills>
Use the use_skill, read_skill_f..." matches=false
[2026-02-26T01:25:55.101Z] message-hooks: generic search complete, found=false, index=-1
[2026-02-26T01:25:55.101Z] message-hooks: no generic part found, checking for pending prompt return
[2026-02-26T01:25:55.286Z] message-hooks: ENTRY msgCount=8, sessions=ses_368731c70ffesPv2HH2tJnEjyD
[2026-02-26T01:25:55.286Z] message-hooks: MESSAGES: [0]user: text:"After the first few problems are assigne..." | [1]user: text:"[search-mode]
MAXIMIZE SEARCH EFFORT. La..."(syn) | [2]assistant: step-start, reasoning, text:"I detect **fix/investigation intent** — ...", tool:completed, tool:completed, step-finish | [3]assistant: step-start, reasoning, tool:completed, tool:completed, step-finish | [4]user: text:"[search-mode]
MAXIMIZE SEARCH EFFORT. La..."(syn) | [5]user: text:"[SYSTEM: CURRENT_MODEL_ANNOUNCEMENT - Yo..."(syn), text:"[search-mode]
MAXIMIZE SEARCH EFFORT. La..."(syn) | [6]assistant: step-start, reasoning, text:"I detect **investigation/fix intent** — ...", tool:completed, step-finish | [7]assistant: step-start, reasoning, tool:completed, tool:completed, tool:completed, tool:completed, tool:completed, tool:completed, step-finish, patch
[2026-02-26T01:25:55.286Z] message-hooks: post-filter, msgCount=8
[2026-02-26T01:25:55.286Z] message-hooks: about to search for OPENCODE_GENERIC
[2026-02-26T01:25:55.286Z] message-hooks: searching 8 messages for OPENCODE_GENERIC
[2026-02-26T01:25:55.286Z] message-hooks: found synthetic text at [1]: "[search-mode]
MAXIMIZE SEARCH EFFORT. Launch multi..." matches=false
[2026-02-26T01:25:55.286Z] message-hooks: found synthetic text at [4]: "[search-mode]
MAXIMIZE SEARCH EFFORT. Launch multi..." matches=false
[2026-02-26T01:25:55.286Z] message-hooks: found synthetic text at [5]: "[SYSTEM: CURRENT_MODEL_ANNOUNCEMENT - You are GPT-..." matches=false
[2026-02-26T01:25:55.286Z] message-hooks: found synthetic text at [5]: "[search-mode]
MAXIMIZE SEARCH EFFORT. Launch multi..." matches=false
[2026-02-26T01:25:55.286Z] message-hooks: generic search complete, found=false, index=-1
[2026-02-26T01:25:55.286Z] message-hooks: no generic part found, checking for pending prompt return
[2026-02-26T01:25:55.477Z] message-hooks: ENTRY msgCount=2, sessions=ses_368728fb8ffeU1M4ds2jQn3E3g
[2026-02-26T01:25:55.477Z] message-hooks: MESSAGES: [0]user: text:"[CONTEXT]: Java distributed worker lab p..." | [1]user: text:"[SYSTEM: CURRENT_MODEL_ANNOUNCEMENT - Yo..."(syn), text:"<available-skills>
Use the use_skill, re..."(syn)
[2026-02-26T01:25:55.477Z] message-hooks: post-filter, msgCount=2
[2026-02-26T01:25:55.477Z] message-hooks: about to search for OPENCODE_GENERIC
[2026-02-26T01:25:55.477Z] message-hooks: searching 2 messages for OPENCODE_GENERIC
[2026-02-26T01:25:55.477Z] message-hooks: found synthetic text at [1]: "[SYSTEM: CURRENT_MODEL_ANNOUNCEMENT - You are GPT-..." matches=false
[2026-02-26T01:25:55.477Z] message-hooks: found synthetic text at [1]: "<available-skills>
Use the use_skill, read_skill_f..." matches=false
[2026-02-26T01:25:55.477Z] message-hooks: generic search complete, found=false, index=-1
[2026-02-26T01:25:55.477Z] message-hooks: no generic part found, checking for pending prompt return
[2026-02-26T01:25:55.523Z] message-hooks: ENTRY msgCount=2, sessions=ses_368728f38ffeIP5WROPNT3huxP
[2026-02-26T01:25:55.523Z] message-hooks: MESSAGES: [0]user: text:"[CONTEXT]: Need external reference patte..." | [1]user: text:"[SYSTEM: CURRENT_MODEL_ANNOUNCEMENT - Yo..."(syn), text:"<available-skills>
Use the use_skill, re..."(syn)
[2026-02-26T01:25:55.523Z] message-hooks: post-filter, msgCount=2
[2026-02-26T01:25:55.523Z] message-hooks: about to search for OPENCODE_GENERIC
[2026-02-26T01:25:55.523Z] message-hooks: searching 2 messages for OPENCODE_GENERIC
[2026-02-26T01:25:55.523Z] message-hooks: found synthetic text at [1]: "[SYSTEM: CURRENT_MODEL_ANNOUNCEMENT - You are Mini..." matches=false
[2026-02-26T01:25:55.523Z] message-hooks: found synthetic text at [1]: "<available-skills>
Use the use_skill, read_skill_f..." matches=false
[2026-02-26T01:25:55.523Z] message-hooks: generic search complete, found=false, index=-1
[2026-02-26T01:25:55.523Z] message-hooks: no generic part found, checking for pending prompt return
[2026-02-26T01:26:01.607Z] message-hooks: ENTRY msgCount=9, sessions=ses_368731c70ffesPv2HH2tJnEjyD
[2026-02-26T01:26:01.607Z] message-hooks: MESSAGES: [0]user: text:"After the first few problems are assigne..." | [1]user: text:"[search-mode]
MAXIMIZE SEARCH EFFORT. La..."(syn) | [2]assistant: step-start, reasoning, text:"I detect **fix/investigation intent** — ...", tool:completed, tool:completed, step-finish | [3]assistant: step-start, reasoning, tool:completed, tool:completed, step-finish | [4]user: text:"[search-mode]
MAXIMIZE SEARCH EFFORT. La..."(syn) | [5]user: text:"[SYSTEM: CURRENT_MODEL_ANNOUNCEMENT - Yo..."(syn), text:"[search-mode]
MAXIMIZE SEARCH EFFORT. La..."(syn) | [6]assistant: step-start, reasoning, text:"I detect **investigation/fix intent** — ...", tool:completed, step-finish | [7]assistant: step-start, reasoning, tool:completed, tool:completed, tool:completed, tool:completed, tool:completed, tool:completed, step-finish, patch | [8]assistant: step-start, reasoning, text:"Found key hotspots already: `LocalWorker...", tool:completed, tool:completed, tool:completed, tool:completed, tool:completed, tool:completed, step-finish
[2026-02-26T01:26:01.607Z] message-hooks: post-filter, msgCount=9
[2026-02-26T01:26:01.607Z] message-hooks: about to search for OPENCODE_GENERIC
[2026-02-26T01:26:01.607Z] message-hooks: searching 9 messages for OPENCODE_GENERIC
[2026-02-26T01:26:01.607Z] message-hooks: found synthetic text at [1]: "[search-mode]
MAXIMIZE SEARCH EFFORT. Launch multi..." matches=false
[2026-02-26T01:26:01.607Z] message-hooks: found synthetic text at [4]: "[search-mode]
MAXIMIZE SEARCH EFFORT. Launch multi..." matches=false
[2026-02-26T01:26:01.607Z] message-hooks: found synthetic text at [5]: "[SYSTEM: CURRENT_MODEL_ANNOUNCEMENT - You are GPT-..." matches=false
[2026-02-26T01:26:01.607Z] message-hooks: found synthetic text at [5]: "[search-mode]
MAXIMIZE SEARCH EFFORT. Launch multi..." matches=false
[2026-02-26T01:26:01.607Z] message-hooks: generic search complete, found=false, index=-1
[2026-02-26T01:26:01.607Z] message-hooks: no generic part found, checking for pending prompt return
[2026-02-26T01:26:06.962Z] message-hooks: ENTRY msgCount=10, sessions=ses_368731c70ffesPv2HH2tJnEjyD
[2026-02-26T01:26:06.962Z] message-hooks: MESSAGES: [0]user: text:"After the first few problems are assigne..." | [1]user: text:"[search-mode]
MAXIMIZE SEARCH EFFORT. La..."(syn) | [2]assistant: step-start, reasoning, text:"I detect **fix/investigation intent** — ...", tool:completed, tool:completed, step-finish | [3]assistant: step-start, reasoning, tool:completed, tool:completed, step-finish | [4]user: text:"[search-mode]
MAXIMIZE SEARCH EFFORT. La..."(syn) | [5]user: text:"[SYSTEM: CURRENT_MODEL_ANNOUNCEMENT - Yo..."(syn), text:"[search-mode]
MAXIMIZE SEARCH EFFORT. La..."(syn) | [6]assistant: step-start, reasoning, text:"I detect **investigation/fix intent** — ...", tool:completed, step-finish | [7]assistant: step-start, reasoning, tool:completed, tool:completed, tool:completed, tool:completed, tool:completed, tool:completed, step-finish, patch | [8]assistant: step-start, reasoning, text:"Found key hotspots already: `LocalWorker...", tool:completed, tool:completed, tool:completed, tool:completed, tool:completed, tool:completed, step-finish | [9]assistant: step-start, reasoning, tool:completed, step-finish
[2026-02-26T01:26:06.962Z] message-hooks: post-filter, msgCount=10
[2026-02-26T01:26:06.962Z] message-hooks: about to search for OPENCODE_GENERIC
[2026-02-26T01:26:06.962Z] message-hooks: searching 10 messages for OPENCODE_GENERIC
[2026-02-26T01:26:06.962Z] message-hooks: found synthetic text at [1]: "[search-mode]
MAXIMIZE SEARCH EFFORT. Launch multi..." matches=false
[2026-02-26T01:26:06.962Z] message-hooks: found synthetic text at [4]: "[search-mode]
MAXIMIZE SEARCH EFFORT. Launch multi..." matches=false
[2026-02-26T01:26:06.962Z] message-hooks: found synthetic text at [5]: "[SYSTEM: CURRENT_MODEL_ANNOUNCEMENT - You are GPT-..." matches=false
[2026-02-26T01:26:06.962Z] message-hooks: found synthetic text at [5]: "[search-mode]
MAXIMIZE SEARCH EFFORT. Launch multi..." matches=false
[2026-02-26T01:26:06.962Z] message-hooks: generic search complete, found=false, index=-1
[2026-02-26T01:26:06.962Z] message-hooks: no generic part found, checking for pending prompt return
[2026-02-26T01:26:13.140Z] message-hooks: ENTRY msgCount=12, sessions=ses_368731c70ffesPv2HH2tJnEjyD
[2026-02-26T01:26:13.140Z] message-hooks: MESSAGES: [0]user: text:"After the first few problems are assigne..." | [1]user: text:"[search-mode]
MAXIMIZE SEARCH EFFORT. La..."(syn) | [2]assistant: step-start, reasoning, text:"I detect **fix/investigation intent** — ...", tool:completed, tool:completed, step-finish | [3]assistant: step-start, reasoning, tool:completed, tool:completed, step-finish | [4]user: text:"[search-mode]
MAXIMIZE SEARCH EFFORT. La..."(syn) | [5]user: text:"[search-mode]
MAXIMIZE SEARCH EFFORT. La..."(syn) | [6]assistant: step-start, reasoning, text:"I detect **investigation/fix intent** — ...", tool:completed, step-finish | [7]assistant: step-start, reasoning, tool:completed, tool:completed, tool:completed, tool:completed, tool:completed, tool:completed, step-finish, patch | [8]assistant: step-start, reasoning, text:"Found key hotspots already: `LocalWorker...", tool:completed, tool:completed, tool:completed, tool:completed, tool:completed, tool:completed, step-finish | [9]assistant: step-start, reasoning, tool:completed, step-finish | [10]assistant: step-start, reasoning, tool:completed, step-finish | [11]user: text:"[SYSTEM: CURRENT_MODEL_ANNOUNCEMENT - Yo..."(syn), text:"▣ DCP | ~443 tokens saved total

▣ Pruni..."
[2026-02-26T01:26:13.140Z] message-hooks: post-filter, msgCount=12
[2026-02-26T01:26:13.140Z] message-hooks: about to search for OPENCODE_GENERIC
[2026-02-26T01:26:13.140Z] message-hooks: searching 12 messages for OPENCODE_GENERIC
[2026-02-26T01:26:13.140Z] message-hooks: found synthetic text at [1]: "[search-mode]
MAXIMIZE SEARCH EFFORT. Launch multi..." matches=false
[2026-02-26T01:26:13.140Z] message-hooks: found synthetic text at [4]: "[search-mode]
MAXIMIZE SEARCH EFFORT. Launch multi..." matches=false
[2026-02-26T01:26:13.140Z] message-hooks: found synthetic text at [5]: "[search-mode]
MAXIMIZE SEARCH EFFORT. Launch multi..." matches=false
[2026-02-26T01:26:13.140Z] message-hooks: found synthetic text at [11]: "[SYSTEM: CURRENT_MODEL_ANNOUNCEMENT - You are GPT-..." matches=false
[2026-02-26T01:26:13.140Z] message-hooks: generic search complete, found=false, index=-1
[2026-02-26T01:26:13.140Z] message-hooks: no generic part found, checking for pending prompt return
[2026-02-26T01:26:14.527Z] message-hooks: ENTRY msgCount=3, sessions=ses_368728f38ffeIP5WROPNT3huxP
[2026-02-26T01:26:14.527Z] message-hooks: MESSAGES: [0]user: text:"[CONTEXT]: Need external reference patte..." | [1]user: text:"[SYSTEM: CURRENT_MODEL_ANNOUNCEMENT - Yo..."(syn), text:"<available-skills>
Use the use_skill, re..."(syn) | [2]assistant: step-start, reasoning, text:"I'll search for pull-based distributed w...", tool:completed, step-finish, patch
[2026-02-26T01:26:14.527Z] message-hooks: post-filter, msgCount=3
[2026-02-26T01:26:14.527Z] message-hooks: about to search for OPENCODE_GENERIC
[2026-02-26T01:26:14.527Z] message-hooks: searching 3 messages for OPENCODE_GENERIC
[2026-02-26T01:26:14.527Z] message-hooks: found synthetic text at [1]: "[SYSTEM: CURRENT_MODEL_ANNOUNCEMENT - You are Mini..." matches=false
[2026-02-26T01:26:14.527Z] message-hooks: found synthetic text at [1]: "<available-skills>
Use the use_skill, read_skill_f..." matches=false
[2026-02-26T01:26:14.527Z] message-hooks: generic search complete, found=false, index=-1
[2026-02-26T01:26:14.527Z] message-hooks: no generic part found, checking for pending prompt return
[2026-02-26T01:26:23.024Z] message-hooks: ENTRY msgCount=13, sessions=ses_368731c70ffesPv2HH2tJnEjyD
[2026-02-26T01:26:23.024Z] message-hooks: MESSAGES: [0]user: text:"After the first few problems are assigne..." | [1]user: text:"[search-mode]
MAXIMIZE SEARCH EFFORT. La..."(syn) | [2]assistant: step-start, reasoning, text:"I detect **fix/investigation intent** — ...", tool:completed, tool:completed, step-finish | [3]assistant: step-start, reasoning, tool:completed, tool:completed, step-finish | [4]user: text:"[search-mode]
MAXIMIZE SEARCH EFFORT. La..."(syn) | [5]user: text:"[search-mode]
MAXIMIZE SEARCH EFFORT. La..."(syn) | [6]assistant: step-start, reasoning, text:"I detect **investigation/fix intent** — ...", tool:completed, step-finish | [7]assistant: step-start, reasoning, tool:completed, tool:completed, tool:completed, tool:completed, tool:completed, tool:completed, step-finish, patch | [8]assistant: step-start, reasoning, text:"Found key hotspots already: `LocalWorker...", tool:completed, tool:completed, tool:completed, tool:completed, tool:completed, tool:completed, step-finish | [9]assistant: step-start, reasoning, tool:completed, step-finish | [10]assistant: step-start, reasoning, tool:completed, step-finish | [11]user: text:"[SYSTEM: CURRENT_MODEL_ANNOUNCEMENT - Yo..."(syn), text:"▣ DCP | ~443 tokens saved total

▣ Pruni..." | [12]assistant: step-start, reasoning, text:"Pulled the core classes; next I’m collec...", tool:completed, tool:completed, tool:completed, tool:completed, tool:completed, tool:completed, step-finish, patch
[2026-02-26T01:26:23.024Z] message-hooks: post-filter, msgCount=13
[2026-02-26T01:26:23.024Z] message-hooks: about to search for OPENCODE_GENERIC
[2026-02-26T01:26:23.024Z] message-hooks: searching 13 messages for OPENCODE_GENERIC
[2026-02-26T01:26:23.024Z] message-hooks: found synthetic text at [1]: "[search-mode]
MAXIMIZE SEARCH EFFORT. Launch multi..." matches=false
[2026-02-26T01:26:23.024Z] message-hooks: found synthetic text at [4]: "[search-mode]
MAXIMIZE SEARCH EFFORT. Launch multi..." matches=false
[2026-02-26T01:26:23.024Z] message-hooks: found synthetic text at [5]: "[search-mode]
MAXIMIZE SEARCH EFFORT. Launch multi..." matches=false
[2026-02-26T01:26:23.024Z] message-hooks: found synthetic text at [11]: "[SYSTEM: CURRENT_MODEL_ANNOUNCEMENT - You are GPT-..." matches=false
[2026-02-26T01:26:23.024Z] message-hooks: generic search complete, found=false, index=-1
[2026-02-26T01:26:23.024Z] message-hooks: no generic part found, checking for pending prompt return
[2026-02-26T01:26:23.925Z] message-hooks: ENTRY msgCount=4, sessions=ses_368728f38ffeIP5WROPNT3huxP
[2026-02-26T01:26:23.925Z] message-hooks: MESSAGES: [0]user: text:"[CONTEXT]: Need external reference patte..." | [1]user: text:"[SYSTEM: CURRENT_MODEL_ANNOUNCEMENT - Yo..."(syn), text:"<available-skills>
Use the use_skill, re..."(syn) | [2]assistant: step-start, reasoning, text:"I'll search for pull-based distributed w...", tool:completed, step-finish, patch | [3]assistant: step-start, reasoning, tool:completed, step-finish, patch
[2026-02-26T01:26:23.925Z] message-hooks: post-filter, msgCount=4
[2026-02-26T01:26:23.925Z] message-hooks: about to search for OPENCODE_GENERIC
[2026-02-26T01:26:23.925Z] message-hooks: searching 4 messages for OPENCODE_GENERIC
[2026-02-26T01:26:23.925Z] message-hooks: found synthetic text at [1]: "[SYSTEM: CURRENT_MODEL_ANNOUNCEMENT - You are Mini..." matches=false
[2026-02-26T01:26:23.925Z] message-hooks: found synthetic text at [1]: "<available-skills>
Use the use_skill, read_skill_f..." matches=false
[2026-02-26T01:26:23.925Z] message-hooks: generic search complete, found=false, index=-1
[2026-02-26T01:26:23.925Z] message-hooks: no generic part found, checking for pending prompt return
[2026-02-26T01:26:28.163Z] message-hooks: ENTRY msgCount=3, sessions=ses_368728fb8ffeU1M4ds2jQn3E3g
[2026-02-26T01:26:28.163Z] message-hooks: MESSAGES: [0]user: text:"[CONTEXT]: Java distributed worker lab p..." | [1]user: text:"[SYSTEM: CURRENT_MODEL_ANNOUNCEMENT - Yo..."(syn), text:"<available-skills>
Use the use_skill, re..."(syn) | [2]assistant: step-start, reasoning, tool:error, step-finish, patch
[2026-02-26T01:26:28.163Z] message-hooks: post-filter, msgCount=3
[2026-02-26T01:26:28.163Z] message-hooks: about to search for OPENCODE_GENERIC
[2026-02-26T01:26:28.163Z] message-hooks: searching 3 messages for OPENCODE_GENERIC
[2026-02-26T01:26:28.163Z] message-hooks: found synthetic text at [1]: "[SYSTEM: CURRENT_MODEL_ANNOUNCEMENT - You are GPT-..." matches=false
[2026-02-26T01:26:28.163Z] message-hooks: found synthetic text at [1]: "<available-skills>
Use the use_skill, read_skill_f..." matches=false
[2026-02-26T01:26:28.163Z] message-hooks: generic search complete, found=false, index=-1
[2026-02-26T01:26:28.163Z] message-hooks: no generic part found, checking for pending prompt return
[2026-02-26T01:26:29.796Z] message-hooks: ENTRY msgCount=14, sessions=ses_368731c70ffesPv2HH2tJnEjyD
[2026-02-26T01:26:29.796Z] message-hooks: MESSAGES: [0]user: text:"After the first few problems are assigne..." | [1]user: text:"[search-mode]
MAXIMIZE SEARCH EFFORT. La..."(syn) | [2]assistant: step-start, reasoning, text:"I detect **fix/investigation intent** — ...", tool:completed, tool:completed, step-finish | [3]assistant: step-start, reasoning, tool:completed, tool:completed, step-finish | [4]user: text:"[search-mode]
MAXIMIZE SEARCH EFFORT. La..."(syn) | [5]user: text:"[search-mode]
MAXIMIZE SEARCH EFFORT. La..."(syn) | [6]assistant: step-start, reasoning, text:"I detect **investigation/fix intent** — ...", tool:completed, step-finish | [7]assistant: step-start, reasoning, tool:completed, tool:completed, tool:completed, tool:completed, tool:completed, tool:completed, step-finish, patch | [8]assistant: step-start, reasoning, text:"Found key hotspots already: `LocalWorker...", tool:completed, tool:completed, tool:completed, tool:completed, tool:completed, tool:completed, step-finish | [9]assistant: step-start, reasoning, tool:completed, step-finish | [10]assistant: step-start, reasoning, tool:completed, step-finish | [11]user: text:"[SYSTEM: CURRENT_MODEL_ANNOUNCEMENT - Yo..."(syn), text:"▣ DCP | ~443 tokens saved total

▣ Pruni..." | [12]assistant: step-start, reasoning, text:"Pulled the core classes; next I’m collec...", tool:completed, tool:completed, tool:completed, tool:completed, tool:completed, tool:completed, step-finish, patch | [13]assistant: step-start, reasoning, tool:completed, step-finish, patch
[2026-02-26T01:26:29.796Z] message-hooks: post-filter, msgCount=14
[2026-02-26T01:26:29.796Z] message-hooks: about to search for OPENCODE_GENERIC
[2026-02-26T01:26:29.796Z] message-hooks: searching 14 messages for OPENCODE_GENERIC
[2026-02-26T01:26:29.796Z] message-hooks: found synthetic text at [1]: "[search-mode]
MAXIMIZE SEARCH EFFORT. Launch multi..." matches=false
[2026-02-26T01:26:29.796Z] message-hooks: found synthetic text at [4]: "[search-mode]
MAXIMIZE SEARCH EFFORT. Launch multi..." matches=false
[2026-02-26T01:26:29.796Z] message-hooks: found synthetic text at [5]: "[search-mode]
MAXIMIZE SEARCH EFFORT. Launch multi..." matches=false
[2026-02-26T01:26:29.796Z] message-hooks: found synthetic text at [11]: "[SYSTEM: CURRENT_MODEL_ANNOUNCEMENT - You are GPT-..." matches=false
[2026-02-26T01:26:29.796Z] message-hooks: generic search complete, found=false, index=-1
[2026-02-26T01:26:29.796Z] message-hooks: no generic part found, checking for pending prompt return
[2026-02-26T01:26:30.520Z] message-hooks: ENTRY msgCount=5, sessions=ses_368728f38ffeIP5WROPNT3huxP
[2026-02-26T01:26:30.520Z] message-hooks: MESSAGES: [0]user: text:"[CONTEXT]: Need external reference patte..." | [1]user: text:"[SYSTEM: CURRENT_MODEL_ANNOUNCEMENT - Yo..."(syn), text:"<available-skills>
Use the use_skill, re..."(syn) | [2]assistant: step-start, reasoning, text:"I'll search for pull-based distributed w...", tool:completed, step-finish, patch | [3]assistant: step-start, reasoning, tool:completed, step-finish, patch | [4]assistant: step-start, reasoning, tool:completed, step-finish, patch
[2026-02-26T01:26:30.520Z] message-hooks: post-filter, msgCount=5
[2026-02-26T01:26:30.520Z] message-hooks: about to search for OPENCODE_GENERIC
[2026-02-26T01:26:30.520Z] message-hooks: searching 5 messages for OPENCODE_GENERIC
[2026-02-26T01:26:30.520Z] message-hooks: found synthetic text at [1]: "[SYSTEM: CURRENT_MODEL_ANNOUNCEMENT - You are Mini..." matches=false
[2026-02-26T01:26:30.520Z] message-hooks: found synthetic text at [1]: "<available-skills>
Use the use_skill, read_skill_f..." matches=false
[2026-02-26T01:26:30.520Z] message-hooks: generic search complete, found=false, index=-1
[2026-02-26T01:26:30.520Z] message-hooks: no generic part found, checking for pending prompt return
[2026-02-26T01:26:34.651Z] message-hooks: ENTRY msgCount=3, sessions=ses_368728fb1ffeSryXQSZLEoUYGr
[2026-02-26T01:26:34.651Z] message-hooks: MESSAGES: [0]user: text:"[CONTEXT]: Same project. Need exhaustive..." | [1]user: text:"[SYSTEM: CURRENT_MODEL_ANNOUNCEMENT - Yo..."(syn), text:"<available-skills>
Use the use_skill, re..."(syn) | [2]assistant: step-start, reasoning, reasoning, reasoning, reasoning, reasoning, tool:completed, tool:completed, tool:completed, tool:completed, step-finish, patch
[2026-02-26T01:26:34.651Z] message-hooks: post-filter, msgCount=3
[2026-02-26T01:26:34.651Z] message-hooks: about to search for OPENCODE_GENERIC
[2026-02-26T01:26:34.651Z] message-hooks: searching 3 messages for OPENCODE_GENERIC
[2026-02-26T01:26:34.651Z] message-hooks: found synthetic text at [1]: "[SYSTEM: CURRENT_MODEL_ANNOUNCEMENT - You are GPT-..." matches=false
[2026-02-26T01:26:34.651Z] message-hooks: found synthetic text at [1]: "<available-skills>
Use the use_skill, read_skill_f..." matches=false
[2026-02-26T01:26:34.651Z] message-hooks: generic search complete, found=false, index=-1
[2026-02-26T01:26:34.651Z] message-hooks: no generic part found, checking for pending prompt return
[2026-02-26T01:26:38.197Z] message-hooks: ENTRY msgCount=4, sessions=ses_368728fb8ffeU1M4ds2jQn3E3g
[2026-02-26T01:26:38.197Z] message-hooks: MESSAGES: [0]user: text:"[CONTEXT]: Java distributed worker lab p..." | [1]user: text:"[SYSTEM: CURRENT_MODEL_ANNOUNCEMENT - Yo..."(syn), text:"<available-skills>
Use the use_skill, re..."(syn) | [2]assistant: step-start, reasoning, tool:error, step-finish, patch | [3]assistant: step-start, reasoning, tool:completed, step-finish, patch
[2026-02-26T01:26:38.198Z] message-hooks: post-filter, msgCount=4
[2026-02-26T01:26:38.198Z] message-hooks: about to search for OPENCODE_GENERIC
[2026-02-26T01:26:38.198Z] message-hooks: searching 4 messages for OPENCODE_GENERIC
[2026-02-26T01:26:38.198Z] message-hooks: found synthetic text at [1]: "[SYSTEM: CURRENT_MODEL_ANNOUNCEMENT - You are GPT-..." matches=false
[2026-02-26T01:26:38.198Z] message-hooks: found synthetic text at [1]: "<available-skills>
Use the use_skill, read_skill_f..." matches=false
[2026-02-26T01:26:38.198Z] message-hooks: generic search complete, found=false, index=-1
[2026-02-26T01:26:38.198Z] message-hooks: no generic part found, checking for pending prompt return
[2026-02-26T01:26:41.941Z] tool.before: taskSession=ses_368731c70ffesPv2HH2tJnEjyD, prompt="1. TASK: Analyze the provided ...", pendingParentSession=NOT FOUND
[2026-02-26T01:26:41.941Z] tool.before: callID=call_HDUeiLx3G0keLM6ImmGbFI8S, cmd=undefined, desc="Validate root cause of remote ", mainCmd=undefined
[2026-02-26T01:26:42.072Z] tool.after: callID=call_HDUeiLx3G0keLM6ImmGbFI8S, cmd=undefined, wasTracked=false
[2026-02-26T01:26:42.072Z] tool.after: parentSession=undefined, loopSession=ses_368731c70ffesPv2HH2tJnEjyD, hasLoop=false, isInlineLoop=false
[2026-02-26T01:26:42.236Z] message-hooks: ENTRY msgCount=2, sessions=ses_36871d7d0ffe8LXJPWTjaNoW5p
[2026-02-26T01:26:42.236Z] message-hooks: MESSAGES: [0]user: text:"1. TASK: Analyze the provided Java MQTT ..." | [1]user: text:"[SYSTEM: CURRENT_MODEL_ANNOUNCEMENT - Yo..."(syn), text:"<available-skills>
Use the use_skill, re..."(syn)
[2026-02-26T01:26:42.236Z] message-hooks: post-filter, msgCount=2
[2026-02-26T01:26:42.236Z] message-hooks: about to search for OPENCODE_GENERIC
[2026-02-26T01:26:42.236Z] message-hooks: searching 2 messages for OPENCODE_GENERIC
[2026-02-26T01:26:42.236Z] message-hooks: found synthetic text at [1]: "[SYSTEM: CURRENT_MODEL_ANNOUNCEMENT - You are GPT-..." matches=false
[2026-02-26T01:26:42.236Z] message-hooks: found synthetic text at [1]: "<available-skills>
Use the use_skill, read_skill_f..." matches=false
[2026-02-26T01:26:42.236Z] message-hooks: generic search complete, found=false, index=-1
[2026-02-26T01:26:42.236Z] message-hooks: no generic part found, checking for pending prompt return
[2026-02-26T01:26:42.424Z] message-hooks: ENTRY msgCount=4, sessions=ses_368728fb1ffeSryXQSZLEoUYGr
[2026-02-26T01:26:42.424Z] message-hooks: MESSAGES: [0]user: text:"[CONTEXT]: Same project. Need exhaustive..." | [1]user: text:"[SYSTEM: CURRENT_MODEL_ANNOUNCEMENT - Yo..."(syn), text:"<available-skills>
Use the use_skill, re..."(syn) | [2]assistant: step-start, reasoning, reasoning, reasoning, reasoning, reasoning, tool:completed, tool:completed, tool:completed, tool:completed, step-finish, patch | [3]assistant: step-start, reasoning, tool:completed, step-finish, patch
[2026-02-26T01:26:42.424Z] message-hooks: post-filter, msgCount=4
[2026-02-26T01:26:42.424Z] message-hooks: about to search for OPENCODE_GENERIC
[2026-02-26T01:26:42.424Z] message-hooks: searching 4 messages for OPENCODE_GENERIC
[2026-02-26T01:26:42.424Z] message-hooks: found synthetic text at [1]: "[SYSTEM: CURRENT_MODEL_ANNOUNCEMENT - You are GPT-..." matches=false
[2026-02-26T01:26:42.424Z] message-hooks: found synthetic text at [1]: "<available-skills>
Use the use_skill, read_skill_f..." matches=false
[2026-02-26T01:26:42.424Z] message-hooks: generic search complete, found=false, index=-1
[2026-02-26T01:26:42.424Z] message-hooks: no generic part found, checking for pending prompt return
[2026-02-26T01:26:45.497Z] message-hooks: ENTRY msgCount=6, sessions=ses_368728f38ffeIP5WROPNT3huxP
[2026-02-26T01:26:45.497Z] message-hooks: MESSAGES: [0]user: text:"[CONTEXT]: Need external reference patte..." | [1]user: text:"[SYSTEM: CURRENT_MODEL_ANNOUNCEMENT - Yo..."(syn), text:"<available-skills>
Use the use_skill, re..."(syn) | [2]assistant: step-start, reasoning, text:"I'll search for pull-based distributed w...", tool:completed, step-finish, patch | [3]assistant: step-start, reasoning, tool:completed, step-finish, patch | [4]assistant: step-start, reasoning, tool:completed, step-finish, patch | [5]assistant: step-start, reasoning, text:"Now let me search for more specific info...", tool:completed, step-finish, patch
[2026-02-26T01:26:45.497Z] message-hooks: post-filter, msgCount=6
[2026-02-26T01:26:45.497Z] message-hooks: about to search for OPENCODE_GENERIC
[2026-02-26T01:26:45.497Z] message-hooks: searching 6 messages for OPENCODE_GENERIC
[2026-02-26T01:26:45.497Z] message-hooks: found synthetic text at [1]: "[SYSTEM: CURRENT_MODEL_ANNOUNCEMENT - You are Mini..." matches=false
[2026-02-26T01:26:45.497Z] message-hooks: found synthetic text at [1]: "<available-skills>
Use the use_skill, read_skill_f..." matches=false
[2026-02-26T01:26:45.497Z] message-hooks: generic search complete, found=false, index=-1
[2026-02-26T01:26:45.497Z] message-hooks: no generic part found, checking for pending prompt return
[2026-02-26T01:26:47.971Z] message-hooks: ENTRY msgCount=3, sessions=ses_36871d7d0ffe8LXJPWTjaNoW5p
[2026-02-26T01:26:47.971Z] message-hooks: MESSAGES: [0]user: text:"1. TASK: Analyze the provided Java MQTT ..." | [1]user: text:"[SYSTEM: CURRENT_MODEL_ANNOUNCEMENT - Yo..."(syn), text:"<available-skills>
Use the use_skill, re..."(syn) | [2]assistant: step-start, reasoning, tool:completed, step-finish, patch
[2026-02-26T01:26:47.971Z] message-hooks: post-filter, msgCount=3
[2026-02-26T01:26:47.971Z] message-hooks: about to search for OPENCODE_GENERIC
[2026-02-26T01:26:47.971Z] message-hooks: searching 3 messages for OPENCODE_GENERIC
[2026-02-26T01:26:47.971Z] message-hooks: found synthetic text at [1]: "[SYSTEM: CURRENT_MODEL_ANNOUNCEMENT - You are GPT-..." matches=false
[2026-02-26T01:26:47.971Z] message-hooks: found synthetic text at [1]: "<available-skills>
Use the use_skill, read_skill_f..." matches=false
[2026-02-26T01:26:47.971Z] message-hooks: generic search complete, found=false, index=-1
[2026-02-26T01:26:47.971Z] message-hooks: no generic part found, checking for pending prompt return
[2026-02-26T01:26:49.984Z] message-hooks: ENTRY msgCount=5, sessions=ses_368728fb8ffeU1M4ds2jQn3E3g
[2026-02-26T01:26:49.984Z] message-hooks: MESSAGES: [0]user: text:"[CONTEXT]: Java distributed worker lab p..." | [1]user: text:"[SYSTEM: CURRENT_MODEL_ANNOUNCEMENT - Yo..."(syn), text:"<available-skills>
Use the use_skill, re..."(syn) | [2]assistant: step-start, reasoning, tool:error, step-finish, patch | [3]assistant: step-start, reasoning, tool:completed, step-finish, patch | [4]assistant: step-start, reasoning, tool:completed, tool:completed, tool:completed, tool:completed, step-finish, patch
[2026-02-26T01:26:49.984Z] message-hooks: post-filter, msgCount=5
[2026-02-26T01:26:49.984Z] message-hooks: about to search for OPENCODE_GENERIC
[2026-02-26T01:26:49.984Z] message-hooks: searching 5 messages for OPENCODE_GENERIC
[2026-02-26T01:26:49.984Z] message-hooks: found synthetic text at [1]: "[SYSTEM: CURRENT_MODEL_ANNOUNCEMENT - You are GPT-..." matches=false
[2026-02-26T01:26:49.984Z] message-hooks: found synthetic text at [1]: "<available-skills>
Use the use_skill, read_skill_f..." matches=false
[2026-02-26T01:26:49.984Z] message-hooks: generic search complete, found=false, index=-1
[2026-02-26T01:26:49.984Z] message-hooks: no generic part found, checking for pending prompt return
[2026-02-26T01:26:50.019Z] message-hooks: ENTRY msgCount=5, sessions=ses_368728fb1ffeSryXQSZLEoUYGr
[2026-02-26T01:26:50.019Z] message-hooks: MESSAGES: [0]user: text:"[CONTEXT]: Same project. Need exhaustive..." | [1]user: text:"[SYSTEM: CURRENT_MODEL_ANNOUNCEMENT - Yo..."(syn), text:"<available-skills>
Use the use_skill, re..."(syn) | [2]assistant: step-start, reasoning, reasoning, reasoning, reasoning, reasoning, tool:completed, tool:completed, tool:completed, tool:completed, step-finish, patch | [3]assistant: step-start, reasoning, tool:completed, step-finish, patch | [4]assistant: step-start, reasoning, tool:completed, step-finish, patch
[2026-02-26T01:26:50.019Z] message-hooks: post-filter, msgCount=5
[2026-02-26T01:26:50.019Z] message-hooks: about to search for OPENCODE_GENERIC
[2026-02-26T01:26:50.019Z] message-hooks: searching 5 messages for OPENCODE_GENERIC
[2026-02-26T01:26:50.019Z] message-hooks: found synthetic text at [1]: "[SYSTEM: CURRENT_MODEL_ANNOUNCEMENT - You are GPT-..." matches=false
[2026-02-26T01:26:50.019Z] message-hooks: found synthetic text at [1]: "<available-skills>
Use the use_skill, read_skill_f..." matches=false
[2026-02-26T01:26:50.019Z] message-hooks: generic search complete, found=false, index=-1
[2026-02-26T01:26:50.019Z] message-hooks: no generic part found, checking for pending prompt return
[2026-02-26T01:26:50.276Z] message-hooks: ENTRY msgCount=7, sessions=ses_368728f38ffeIP5WROPNT3huxP
[2026-02-26T01:26:50.276Z] message-hooks: MESSAGES: [0]user: text:"[CONTEXT]: Need external reference patte..." | [1]user: text:"[SYSTEM: CURRENT_MODEL_ANNOUNCEMENT - Yo..."(syn), text:"<available-skills>
Use the use_skill, re..."(syn) | [2]assistant: step-start, reasoning, text:"I'll search for pull-based distributed w...", tool:completed, step-finish, patch | [3]assistant: step-start, reasoning, tool:completed, step-finish, patch | [4]assistant: step-start, reasoning, tool:completed, step-finish, patch | [5]assistant: step-start, reasoning, text:"Now let me search for more specific info...", tool:completed, step-finish, patch | [6]assistant: step-start, reasoning, text:"Let me also look at the local code to un...", tool:completed, step-finish
[2026-02-26T01:26:50.276Z] message-hooks: post-filter, msgCount=7
[2026-02-26T01:26:50.276Z] message-hooks: about to search for OPENCODE_GENERIC
[2026-02-26T01:26:50.276Z] message-hooks: searching 7 messages for OPENCODE_GENERIC
[2026-02-26T01:26:50.276Z] message-hooks: found synthetic text at [1]: "[SYSTEM: CURRENT_MODEL_ANNOUNCEMENT - You are Mini..." matches=false
[2026-02-26T01:26:50.276Z] message-hooks: found synthetic text at [1]: "<available-skills>
Use the use_skill, read_skill_f..." matches=false
[2026-02-26T01:26:50.276Z] message-hooks: generic search complete, found=false, index=-1
[2026-02-26T01:26:50.276Z] message-hooks: no generic part found, checking for pending prompt return
[2026-02-26T01:26:55.228Z] message-hooks: ENTRY msgCount=6, sessions=ses_368728fb1ffeSryXQSZLEoUYGr
[2026-02-26T01:26:55.228Z] message-hooks: MESSAGES: [0]user: text:"[CONTEXT]: Same project. Need exhaustive..." | [1]user: text:"[SYSTEM: CURRENT_MODEL_ANNOUNCEMENT - Yo..."(syn), text:"<available-skills>
Use the use_skill, re..."(syn) | [2]assistant: step-start, reasoning, reasoning, reasoning, reasoning, reasoning, tool:completed, tool:completed, tool:completed, tool:completed, step-finish, patch | [3]assistant: step-start, reasoning, tool:completed, step-finish, patch | [4]assistant: step-start, reasoning, tool:completed, step-finish, patch | [5]assistant: step-start, reasoning, tool:completed, step-finish
[2026-02-26T01:26:55.228Z] message-hooks: post-filter, msgCount=6
[2026-02-26T01:26:55.228Z] message-hooks: about to search for OPENCODE_GENERIC
[2026-02-26T01:26:55.228Z] message-hooks: searching 6 messages for OPENCODE_GENERIC
[2026-02-26T01:26:55.228Z] message-hooks: found synthetic text at [1]: "[SYSTEM: CURRENT_MODEL_ANNOUNCEMENT - You are GPT-..." matches=false
[2026-02-26T01:26:55.228Z] message-hooks: found synthetic text at [1]: "<available-skills>
Use the use_skill, read_skill_f..." matches=false
[2026-02-26T01:26:55.228Z] message-hooks: generic search complete, found=false, index=-1
[2026-02-26T01:26:55.228Z] message-hooks: no generic part found, checking for pending prompt return
[2026-02-26T01:26:55.887Z] message-hooks: ENTRY msgCount=8, sessions=ses_368728f38ffeIP5WROPNT3huxP
[2026-02-26T01:26:55.887Z] message-hooks: MESSAGES: [0]user: text:"[CONTEXT]: Need external reference patte..." | [1]user: text:"[SYSTEM: CURRENT_MODEL_ANNOUNCEMENT - Yo..."(syn), text:"<available-skills>
Use the use_skill, re..."(syn) | [2]assistant: step-start, reasoning, text:"I'll search for pull-based distributed w...", tool:completed, step-finish, patch | [3]assistant: step-start, reasoning, tool:completed, step-finish, patch | [4]assistant: step-start, reasoning, tool:completed, step-finish, patch | [5]assistant: step-start, reasoning, text:"Now let me search for more specific info...", tool:completed, step-finish, patch | [6]assistant: step-start, reasoning, text:"Let me also look at the local code to un...", tool:completed, step-finish | [7]assistant: step-start, reasoning, tool:completed, step-finish, patch
[2026-02-26T01:26:55.887Z] message-hooks: post-filter, msgCount=8
[2026-02-26T01:26:55.887Z] message-hooks: about to search for OPENCODE_GENERIC
[2026-02-26T01:26:55.887Z] message-hooks: searching 8 messages for OPENCODE_GENERIC
[2026-02-26T01:26:55.887Z] message-hooks: found synthetic text at [1]: "[SYSTEM: CURRENT_MODEL_ANNOUNCEMENT - You are Mini..." matches=false
[2026-02-26T01:26:55.887Z] message-hooks: found synthetic text at [1]: "<available-skills>
Use the use_skill, read_skill_f..." matches=false
[2026-02-26T01:26:55.887Z] message-hooks: generic search complete, found=false, index=-1
[2026-02-26T01:26:55.887Z] message-hooks: no generic part found, checking for pending prompt return
[2026-02-26T01:26:59.392Z] message-hooks: ENTRY msgCount=6, sessions=ses_368728fb8ffeU1M4ds2jQn3E3g
[2026-02-26T01:26:59.392Z] message-hooks: MESSAGES: [0]user: text:"[CONTEXT]: Java distributed worker lab p..." | [1]user: text:"[SYSTEM: CURRENT_MODEL_ANNOUNCEMENT - Yo..."(syn), text:"<available-skills>
Use the use_skill, re..."(syn) | [2]assistant: step-start, reasoning, tool:error, step-finish, patch | [3]assistant: step-start, reasoning, tool:completed, step-finish, patch | [4]assistant: step-start, reasoning, tool:completed, tool:completed, tool:completed, tool:completed, step-finish, patch | [5]assistant: step-start, reasoning, tool:completed, step-finish, patch
[2026-02-26T01:26:59.392Z] message-hooks: post-filter, msgCount=6
[2026-02-26T01:26:59.392Z] message-hooks: about to search for OPENCODE_GENERIC
[2026-02-26T01:26:59.392Z] message-hooks: searching 6 messages for OPENCODE_GENERIC
[2026-02-26T01:26:59.392Z] message-hooks: found synthetic text at [1]: "[SYSTEM: CURRENT_MODEL_ANNOUNCEMENT - You are GPT-..." matches=false
[2026-02-26T01:26:59.392Z] message-hooks: found synthetic text at [1]: "<available-skills>
Use the use_skill, read_skill_f..." matches=false
[2026-02-26T01:26:59.392Z] message-hooks: generic search complete, found=false, index=-1
[2026-02-26T01:26:59.392Z] message-hooks: no generic part found, checking for pending prompt return
[2026-02-26T01:27:00.675Z] message-hooks: ENTRY msgCount=9, sessions=ses_368728f38ffeIP5WROPNT3huxP
[2026-02-26T01:27:00.675Z] message-hooks: MESSAGES: [0]user: text:"[CONTEXT]: Need external reference patte..." | [1]user: text:"[SYSTEM: CURRENT_MODEL_ANNOUNCEMENT - Yo..."(syn), text:"<available-skills>
Use the use_skill, re..."(syn) | [2]assistant: step-start, reasoning, text:"I'll search for pull-based distributed w...", tool:completed, step-finish, patch | [3]assistant: step-start, reasoning, tool:completed, step-finish, patch | [4]assistant: step-start, reasoning, tool:completed, step-finish, patch | [5]assistant: step-start, reasoning, text:"Now let me search for more specific info...", tool:completed, step-finish, patch | [6]assistant: step-start, reasoning, text:"Let me also look at the local code to un...", tool:completed, step-finish | [7]assistant: step-start, reasoning, tool:completed, step-finish, patch | [8]assistant: step-start, reasoning, tool:completed, step-finish
[2026-02-26T01:27:00.675Z] message-hooks: post-filter, msgCount=9
[2026-02-26T01:27:00.675Z] message-hooks: about to search for OPENCODE_GENERIC
[2026-02-26T01:27:00.675Z] message-hooks: searching 9 messages for OPENCODE_GENERIC
[2026-02-26T01:27:00.675Z] message-hooks: found synthetic text at [1]: "[SYSTEM: CURRENT_MODEL_ANNOUNCEMENT - You are Mini..." matches=false
[2026-02-26T01:27:00.675Z] message-hooks: found synthetic text at [1]: "<available-skills>
Use the use_skill, read_skill_f..." matches=false
[2026-02-26T01:27:00.675Z] message-hooks: generic search complete, found=false, index=-1
[2026-02-26T01:27:00.675Z] message-hooks: no generic part found, checking for pending prompt return
[2026-02-26T01:27:00.870Z] message-hooks: ENTRY msgCount=7, sessions=ses_368728fb1ffeSryXQSZLEoUYGr
[2026-02-26T01:27:00.870Z] message-hooks: MESSAGES: [0]user: text:"[CONTEXT]: Same project. Need exhaustive..." | [1]user: text:"[SYSTEM: CURRENT_MODEL_ANNOUNCEMENT - Yo..."(syn), text:"<available-skills>
Use the use_skill, re..."(syn) | [2]assistant: step-start, reasoning, reasoning, reasoning, reasoning, reasoning, tool:completed, tool:completed, tool:completed, tool:completed, step-finish, patch | [3]assistant: step-start, reasoning, tool:completed, step-finish, patch | [4]assistant: step-start, reasoning, tool:completed, step-finish, patch | [5]assistant: step-start, reasoning, tool:completed, step-finish | [6]assistant: step-start, reasoning, tool:completed, step-finish, patch
[2026-02-26T01:27:00.870Z] message-hooks: post-filter, msgCount=7
[2026-02-26T01:27:00.870Z] message-hooks: about to search for OPENCODE_GENERIC
[2026-02-26T01:27:00.870Z] message-hooks: searching 7 messages for OPENCODE_GENERIC
[2026-02-26T01:27:00.870Z] message-hooks: found synthetic text at [1]: "[SYSTEM: CURRENT_MODEL_ANNOUNCEMENT - You are GPT-..." matches=false
[2026-02-26T01:27:00.870Z] message-hooks: found synthetic text at [1]: "<available-skills>
Use the use_skill, read_skill_f..." matches=false
[2026-02-26T01:27:00.870Z] message-hooks: generic search complete, found=false, index=-1
[2026-02-26T01:27:00.870Z] message-hooks: no generic part found, checking for pending prompt return
[2026-02-26T01:27:03.155Z] message-hooks: ENTRY msgCount=7, sessions=ses_368728fb8ffeU1M4ds2jQn3E3g
[2026-02-26T01:27:03.155Z] message-hooks: MESSAGES: [0]user: text:"[CONTEXT]: Java distributed worker lab p..." | [1]user: text:"[SYSTEM: CURRENT_MODEL_ANNOUNCEMENT - Yo..."(syn), text:"<available-skills>
Use the use_skill, re..."(syn) | [2]assistant: step-start, reasoning, tool:error, step-finish, patch | [3]assistant: step-start, reasoning, tool:completed, step-finish, patch | [4]assistant: step-start, reasoning, tool:completed, tool:completed, tool:completed, tool:completed, step-finish, patch | [5]assistant: step-start, reasoning, tool:completed, step-finish, patch | [6]assistant: step-start, tool:completed, step-finish, patch
[2026-02-26T01:27:03.155Z] message-hooks: post-filter, msgCount=7
[2026-02-26T01:27:03.155Z] message-hooks: about to search for OPENCODE_GENERIC
[2026-02-26T01:27:03.155Z] message-hooks: searching 7 messages for OPENCODE_GENERIC
[2026-02-26T01:27:03.155Z] message-hooks: found synthetic text at [1]: "[SYSTEM: CURRENT_MODEL_ANNOUNCEMENT - You are GPT-..." matches=false
[2026-02-26T01:27:03.155Z] message-hooks: found synthetic text at [1]: "<available-skills>
Use the use_skill, read_skill_f..." matches=false
[2026-02-26T01:27:03.155Z] message-hooks: generic search complete, found=false, index=-1
[2026-02-26T01:27:03.155Z] message-hooks: no generic part found, checking for pending prompt return
[2026-02-26T01:27:06.813Z] message-hooks: ENTRY msgCount=8, sessions=ses_368728fb8ffeU1M4ds2jQn3E3g
[2026-02-26T01:27:06.813Z] message-hooks: MESSAGES: [0]user: text:"[CONTEXT]: Java distributed worker lab p..." | [1]user: text:"[SYSTEM: CURRENT_MODEL_ANNOUNCEMENT - Yo..."(syn), text:"<available-skills>
Use the use_skill, re..."(syn) | [2]assistant: step-start, reasoning, tool:error, step-finish, patch | [3]assistant: step-start, reasoning, tool:completed, step-finish, patch | [4]assistant: step-start, reasoning, tool:completed, tool:completed, tool:completed, tool:completed, step-finish, patch | [5]assistant: step-start, reasoning, tool:completed, step-finish, patch | [6]assistant: step-start, tool:completed, step-finish, patch | [7]assistant: step-start, tool:completed, step-finish
[2026-02-26T01:27:06.813Z] message-hooks: post-filter, msgCount=8
[2026-02-26T01:27:06.813Z] message-hooks: about to search for OPENCODE_GENERIC
[2026-02-26T01:27:06.813Z] message-hooks: searching 8 messages for OPENCODE_GENERIC
[2026-02-26T01:27:06.813Z] message-hooks: found synthetic text at [1]: "[SYSTEM: CURRENT_MODEL_ANNOUNCEMENT - You are GPT-..." matches=false
[2026-02-26T01:27:06.813Z] message-hooks: found synthetic text at [1]: "<available-skills>
Use the use_skill, read_skill_f..." matches=false
[2026-02-26T01:27:06.813Z] message-hooks: generic search complete, found=false, index=-1
[2026-02-26T01:27:06.813Z] message-hooks: no generic part found, checking for pending prompt return
[2026-02-26T01:27:06.839Z] message-hooks: ENTRY msgCount=10, sessions=ses_368728f38ffeIP5WROPNT3huxP
[2026-02-26T01:27:06.839Z] message-hooks: MESSAGES: [0]user: text:"[CONTEXT]: Need external reference patte..." | [1]user: text:"[SYSTEM: CURRENT_MODEL_ANNOUNCEMENT - Yo..."(syn), text:"<available-skills>
Use the use_skill, re..."(syn) | [2]assistant: step-start, reasoning, text:"I'll search for pull-based distributed w...", tool:completed, step-finish, patch | [3]assistant: step-start, reasoning, tool:completed, step-finish, patch | [4]assistant: step-start, reasoning, tool:completed, step-finish, patch | [5]assistant: step-start, reasoning, text:"Now let me search for more specific info...", tool:completed, step-finish, patch | [6]assistant: step-start, reasoning, text:"Let me also look at the local code to un...", tool:completed, step-finish | [7]assistant: step-start, reasoning, tool:completed, step-finish, patch | [8]assistant: step-start, reasoning, tool:completed, step-finish | [9]assistant: step-start, reasoning, tool:completed, step-finish
[2026-02-26T01:27:06.840Z] message-hooks: post-filter, msgCount=10
[2026-02-26T01:27:06.840Z] message-hooks: about to search for OPENCODE_GENERIC
[2026-02-26T01:27:06.840Z] message-hooks: searching 10 messages for OPENCODE_GENERIC
[2026-02-26T01:27:06.840Z] message-hooks: found synthetic text at [1]: "[SYSTEM: CURRENT_MODEL_ANNOUNCEMENT - You are Mini..." matches=false
[2026-02-26T01:27:06.840Z] message-hooks: found synthetic text at [1]: "<available-skills>
Use the use_skill, read_skill_f..." matches=false
[2026-02-26T01:27:06.840Z] message-hooks: generic search complete, found=false, index=-1
[2026-02-26T01:27:06.840Z] message-hooks: no generic part found, checking for pending prompt return
[2026-02-26T01:27:11.830Z] message-hooks: ENTRY msgCount=9, sessions=ses_368728fb8ffeU1M4ds2jQn3E3g
[2026-02-26T01:27:11.830Z] message-hooks: MESSAGES: [0]user: text:"[CONTEXT]: Java distributed worker lab p..." | [1]user: text:"[SYSTEM: CURRENT_MODEL_ANNOUNCEMENT - Yo..."(syn), text:"<available-skills>
Use the use_skill, re..."(syn) | [2]assistant: step-start, reasoning, tool:error, step-finish, patch | [3]assistant: step-start, reasoning, tool:completed, step-finish, patch | [4]assistant: step-start, reasoning, tool:completed, tool:completed, tool:completed, tool:completed, step-finish, patch | [5]assistant: step-start, reasoning, tool:completed, step-finish, patch | [6]assistant: step-start, tool:completed, step-finish, patch | [7]assistant: step-start, tool:completed, step-finish | [8]assistant: step-start, tool:completed, step-finish
[2026-02-26T01:27:11.830Z] message-hooks: post-filter, msgCount=9
[2026-02-26T01:27:11.830Z] message-hooks: about to search for OPENCODE_GENERIC
[2026-02-26T01:27:11.830Z] message-hooks: searching 9 messages for OPENCODE_GENERIC
[2026-02-26T01:27:11.830Z] message-hooks: found synthetic text at [1]: "[SYSTEM: CURRENT_MODEL_ANNOUNCEMENT - You are GPT-..." matches=false
[2026-02-26T01:27:11.831Z] message-hooks: found synthetic text at [1]: "<available-skills>
Use the use_skill, read_skill_f..." matches=false
[2026-02-26T01:27:11.831Z] message-hooks: generic search complete, found=false, index=-1
[2026-02-26T01:27:11.831Z] message-hooks: no generic part found, checking for pending prompt return
[2026-02-26T01:27:11.940Z] message-hooks: ENTRY msgCount=11, sessions=ses_368728f38ffeIP5WROPNT3huxP
[2026-02-26T01:27:11.940Z] message-hooks: MESSAGES: [0]user: text:"[CONTEXT]: Need external reference patte..." | [1]user: text:"[SYSTEM: CURRENT_MODEL_ANNOUNCEMENT - Yo..."(syn), text:"<available-skills>
Use the use_skill, re..."(syn) | [2]assistant: step-start, reasoning, text:"I'll search for pull-based distributed w...", tool:completed, step-finish, patch | [3]assistant: step-start, reasoning, tool:completed, step-finish, patch | [4]assistant: step-start, reasoning, tool:completed, step-finish, patch | [5]assistant: step-start, reasoning, text:"Now let me search for more specific info...", tool:completed, step-finish, patch | [6]assistant: step-start, reasoning, text:"Let me also look at the local code to un...", tool:completed, step-finish | [7]assistant: step-start, reasoning, tool:completed, step-finish, patch | [8]assistant: step-start, reasoning, tool:completed, step-finish | [9]assistant: step-start, reasoning, tool:completed, step-finish | [10]assistant: step-start, reasoning, tool:completed, step-finish
[2026-02-26T01:27:11.940Z] message-hooks: post-filter, msgCount=11
[2026-02-26T01:27:11.940Z] message-hooks: about to search for OPENCODE_GENERIC
[2026-02-26T01:27:11.940Z] message-hooks: searching 11 messages for OPENCODE_GENERIC
[2026-02-26T01:27:11.940Z] message-hooks: found synthetic text at [1]: "[SYSTEM: CURRENT_MODEL_ANNOUNCEMENT - You are Mini..." matches=false
[2026-02-26T01:27:11.940Z] message-hooks: found synthetic text at [1]: "<available-skills>
Use the use_skill, read_skill_f..." matches=false
[2026-02-26T01:27:11.940Z] message-hooks: generic search complete, found=false, index=-1
[2026-02-26T01:27:11.940Z] message-hooks: no generic part found, checking for pending prompt return
[2026-02-26T01:27:16.790Z] message-hooks: ENTRY msgCount=12, sessions=ses_368728f38ffeIP5WROPNT3huxP
[2026-02-26T01:27:16.790Z] message-hooks: MESSAGES: [0]user: text:"[CONTEXT]: Need external reference patte..." | [1]user: text:"[SYSTEM: CURRENT_MODEL_ANNOUNCEMENT - Yo..."(syn), text:"<available-skills>
Use the use_skill, re..."(syn) | [2]assistant: step-start, reasoning, text:"I'll search for pull-based distributed w...", tool:completed, step-finish, patch | [3]assistant: step-start, reasoning, tool:completed, step-finish, patch | [4]assistant: step-start, reasoning, tool:completed, step-finish, patch | [5]assistant: step-start, reasoning, text:"Now let me search for more specific info...", tool:completed, step-finish, patch | [6]assistant: step-start, reasoning, text:"Let me also look at the local code to un...", tool:completed, step-finish | [7]assistant: step-start, reasoning, tool:completed, step-finish, patch | [8]assistant: step-start, reasoning, tool:completed, step-finish | [9]assistant: step-start, reasoning, tool:completed, step-finish | [10]assistant: step-start, reasoning, tool:completed, step-finish | [11]assistant: step-start, reasoning, tool:completed, step-finish
[2026-02-26T01:27:16.790Z] message-hooks: post-filter, msgCount=12
[2026-02-26T01:27:16.790Z] message-hooks: about to search for OPENCODE_GENERIC
[2026-02-26T01:27:16.790Z] message-hooks: searching 12 messages for OPENCODE_GENERIC
[2026-02-26T01:27:16.790Z] message-hooks: found synthetic text at [1]: "[SYSTEM: CURRENT_MODEL_ANNOUNCEMENT - You are Mini..." matches=false
[2026-02-26T01:27:16.790Z] message-hooks: found synthetic text at [1]: "<available-skills>
Use the use_skill, read_skill_f..." matches=false
[2026-02-26T01:27:16.790Z] message-hooks: generic search complete, found=false, index=-1
[2026-02-26T01:27:16.790Z] message-hooks: no generic part found, checking for pending prompt return
[2026-02-26T01:27:18.054Z] message-hooks: ENTRY msgCount=10, sessions=ses_368728fb8ffeU1M4ds2jQn3E3g
[2026-02-26T01:27:18.054Z] message-hooks: MESSAGES: [0]user: text:"[CONTEXT]: Java distributed worker lab p..." | [1]user: text:"[SYSTEM: CURRENT_MODEL_ANNOUNCEMENT - Yo..."(syn), text:"<available-skills>
Use the use_skill, re..."(syn) | [2]assistant: step-start, reasoning, tool:error, step-finish, patch | [3]assistant: step-start, reasoning, tool:completed, step-finish, patch | [4]assistant: step-start, reasoning, tool:completed, tool:completed, tool:completed, tool:completed, step-finish, patch | [5]assistant: step-start, reasoning, tool:completed, step-finish, patch | [6]assistant: step-start, tool:completed, step-finish, patch | [7]assistant: step-start, tool:completed, step-finish | [8]assistant: step-start, tool:completed, step-finish | [9]assistant: step-start, tool:completed, step-finish, patch
[2026-02-26T01:27:18.054Z] message-hooks: post-filter, msgCount=10
[2026-02-26T01:27:18.054Z] message-hooks: about to search for OPENCODE_GENERIC
[2026-02-26T01:27:18.054Z] message-hooks: searching 10 messages for OPENCODE_GENERIC
[2026-02-26T01:27:18.054Z] message-hooks: found synthetic text at [1]: "[SYSTEM: CURRENT_MODEL_ANNOUNCEMENT - You are GPT-..." matches=false
[2026-02-26T01:27:18.054Z] message-hooks: found synthetic text at [1]: "<available-skills>
Use the use_skill, read_skill_f..." matches=false
[2026-02-26T01:27:18.054Z] message-hooks: generic search complete, found=false, index=-1
[2026-02-26T01:27:18.054Z] message-hooks: no generic part found, checking for pending prompt return
[2026-02-26T01:27:22.518Z] message-hooks: ENTRY msgCount=11, sessions=ses_368728fb8ffeU1M4ds2jQn3E3g
[2026-02-26T01:27:22.518Z] message-hooks: MESSAGES: [0]user: text:"[CONTEXT]: Java distributed worker lab p..." | [1]user: text:"[SYSTEM: CURRENT_MODEL_ANNOUNCEMENT - Yo..."(syn), text:"<available-skills>
Use the use_skill, re..."(syn) | [2]assistant: step-start, reasoning, tool:error, step-finish, patch | [3]assistant: step-start, reasoning, tool:completed, step-finish, patch | [4]assistant: step-start, reasoning, tool:completed, tool:completed, tool:completed, tool:completed, step-finish, patch | [5]assistant: step-start, reasoning, tool:completed, step-finish, patch | [6]assistant: step-start, tool:completed, step-finish, patch | [7]assistant: step-start, tool:completed, step-finish | [8]assistant: step-start, tool:completed, step-finish | [9]assistant: step-start, tool:completed, step-finish, patch | [10]assistant: step-start, tool:completed, step-finish
[2026-02-26T01:27:22.518Z] message-hooks: post-filter, msgCount=11
[2026-02-26T01:27:22.518Z] message-hooks: about to search for OPENCODE_GENERIC
[2026-02-26T01:27:22.518Z] message-hooks: searching 11 messages for OPENCODE_GENERIC
[2026-02-26T01:27:22.518Z] message-hooks: found synthetic text at [1]: "[SYSTEM: CURRENT_MODEL_ANNOUNCEMENT - You are GPT-..." matches=false
[2026-02-26T01:27:22.518Z] message-hooks: found synthetic text at [1]: "<available-skills>
Use the use_skill, read_skill_f..." matches=false
[2026-02-26T01:27:22.518Z] message-hooks: generic search complete, found=false, index=-1
[2026-02-26T01:27:22.518Z] message-hooks: no generic part found, checking for pending prompt return
[2026-02-26T01:27:23.234Z] message-hooks: ENTRY msgCount=13, sessions=ses_368728f38ffeIP5WROPNT3huxP
[2026-02-26T01:27:23.234Z] message-hooks: MESSAGES: [0]user: text:"[CONTEXT]: Need external reference patte..." | [1]user: text:"[SYSTEM: CURRENT_MODEL_ANNOUNCEMENT - Yo..."(syn), text:"<available-skills>
Use the use_skill, re..."(syn) | [2]assistant: step-start, reasoning, text:"I'll search for pull-based distributed w...", tool:completed, step-finish, patch | [3]assistant: step-start, reasoning, tool:completed, step-finish, patch | [4]assistant: step-start, reasoning, tool:completed, step-finish, patch | [5]assistant: step-start, reasoning, text:"Now let me search for more specific info...", tool:completed, step-finish, patch | [6]assistant: step-start, reasoning, text:"Let me also look at the local code to un...", tool:completed, step-finish | [7]assistant: step-start, reasoning, tool:completed, step-finish, patch | [8]assistant: step-start, reasoning, tool:completed, step-finish | [9]assistant: step-start, reasoning, tool:completed, step-finish | [10]assistant: step-start, reasoning, tool:completed, step-finish | [11]assistant: step-start, reasoning, tool:completed, step-finish | [12]assistant: step-start, reasoning, tool:completed, step-finish, patch
[2026-02-26T01:27:23.234Z] message-hooks: post-filter, msgCount=13
[2026-02-26T01:27:23.234Z] message-hooks: about to search for OPENCODE_GENERIC
[2026-02-26T01:27:23.234Z] message-hooks: searching 13 messages for OPENCODE_GENERIC
[2026-02-26T01:27:23.234Z] message-hooks: found synthetic text at [1]: "[SYSTEM: CURRENT_MODEL_ANNOUNCEMENT - You are Mini..." matches=false
[2026-02-26T01:27:23.234Z] message-hooks: found synthetic text at [1]: "<available-skills>
Use the use_skill, read_skill_f..." matches=false
[2026-02-26T01:27:23.234Z] message-hooks: generic search complete, found=false, index=-1
[2026-02-26T01:27:23.234Z] message-hooks: no generic part found, checking for pending prompt return
[2026-02-26T01:27:23.260Z] session.idle: sessionID=ses_36871d7d0ffe8LXJPWTjaNoW5p
[2026-02-26T01:27:23.277Z] session.idle: sessionID=ses_36871d7d0ffe8LXJPWTjaNoW5p
[2026-02-26T01:27:24.307Z] message-hooks: ENTRY msgCount=8, sessions=ses_368728fb1ffeSryXQSZLEoUYGr
[2026-02-26T01:27:24.307Z] message-hooks: MESSAGES: [0]user: text:"[CONTEXT]: Same project. Need exhaustive..." | [1]user: text:"[SYSTEM: CURRENT_MODEL_ANNOUNCEMENT - Yo..."(syn), text:"<available-skills>
Use the use_skill, re..."(syn) | [2]assistant: step-start, reasoning, reasoning, reasoning, reasoning, reasoning, tool:completed, tool:completed, tool:completed, tool:completed, step-finish, patch | [3]assistant: step-start, reasoning, tool:completed, step-finish, patch | [4]assistant: step-start, reasoning, tool:completed, step-finish, patch | [5]assistant: step-start, reasoning, tool:completed, step-finish | [6]assistant: step-start, reasoning, tool:completed, step-finish, patch | [7]assistant: step-start, reasoning, reasoning, reasoning, reasoning, reasoning, tool:completed, step-finish, patch
[2026-02-26T01:27:24.307Z] message-hooks: post-filter, msgCount=8
[2026-02-26T01:27:24.307Z] message-hooks: about to search for OPENCODE_GENERIC
[2026-02-26T01:27:24.307Z] message-hooks: searching 8 messages for OPENCODE_GENERIC
[2026-02-26T01:27:24.307Z] message-hooks: found synthetic text at [1]: "[SYSTEM: CURRENT_MODEL_ANNOUNCEMENT - You are GPT-..." matches=false
[2026-02-26T01:27:24.307Z] message-hooks: found synthetic text at [1]: "<available-skills>
Use the use_skill, read_skill_f..." matches=false
[2026-02-26T01:27:24.307Z] message-hooks: generic search complete, found=false, index=-1
[2026-02-26T01:27:24.307Z] message-hooks: no generic part found, checking for pending prompt return
[2026-02-26T01:27:27.870Z] message-hooks: ENTRY msgCount=12, sessions=ses_368728fb8ffeU1M4ds2jQn3E3g
[2026-02-26T01:27:27.870Z] message-hooks: MESSAGES: [0]user: text:"[CONTEXT]: Java distributed worker lab p..." | [1]user: text:"[SYSTEM: CURRENT_MODEL_ANNOUNCEMENT - Yo..."(syn), text:"<available-skills>
Use the use_skill, re..."(syn) | [2]assistant: step-start, reasoning, tool:error, step-finish, patch | [3]assistant: step-start, reasoning, tool:completed, step-finish, patch | [4]assistant: step-start, reasoning, tool:completed, tool:completed, tool:completed, tool:completed, step-finish, patch | [5]assistant: step-start, reasoning, tool:completed, step-finish, patch | [6]assistant: step-start, tool:completed, step-finish, patch | [7]assistant: step-start, tool:completed, step-finish | [8]assistant: step-start, tool:completed, step-finish | [9]assistant: step-start, tool:completed, step-finish, patch | [10]assistant: step-start, tool:completed, step-finish | [11]assistant: step-start, tool:completed, step-finish, patch
[2026-02-26T01:27:27.870Z] message-hooks: post-filter, msgCount=12
[2026-02-26T01:27:27.870Z] message-hooks: about to search for OPENCODE_GENERIC
[2026-02-26T01:27:27.870Z] message-hooks: searching 12 messages for OPENCODE_GENERIC
[2026-02-26T01:27:27.870Z] message-hooks: found synthetic text at [1]: "[SYSTEM: CURRENT_MODEL_ANNOUNCEMENT - You are GPT-..." matches=false
[2026-02-26T01:27:27.870Z] message-hooks: found synthetic text at [1]: "<available-skills>
Use the use_skill, read_skill_f..." matches=false
[2026-02-26T01:27:27.870Z] message-hooks: generic search complete, found=false, index=-1
[2026-02-26T01:27:27.870Z] message-hooks: no generic part found, checking for pending prompt return
[2026-02-26T01:27:30.026Z] message-hooks: ENTRY msgCount=9, sessions=ses_368728fb1ffeSryXQSZLEoUYGr
[2026-02-26T01:27:30.026Z] message-hooks: MESSAGES: [0]user: text:"[CONTEXT]: Same project. Need exhaustive..." | [1]user: text:"[SYSTEM: CURRENT_MODEL_ANNOUNCEMENT - Yo..."(syn), text:"<available-skills>
Use the use_skill, re..."(syn) | [2]assistant: step-start, reasoning, reasoning, reasoning, reasoning, reasoning, tool:completed, tool:completed, tool:completed, tool:completed, step-finish, patch | [3]assistant: step-start, reasoning, tool:completed, step-finish, patch | [4]assistant: step-start, reasoning, tool:completed, step-finish, patch | [5]assistant: step-start, reasoning, tool:completed, step-finish | [6]assistant: step-start, reasoning, tool:completed, step-finish, patch | [7]assistant: step-start, reasoning, reasoning, reasoning, reasoning, reasoning, tool:completed, step-finish, patch | [8]assistant: step-start, reasoning, tool:completed, step-finish, patch
[2026-02-26T01:27:30.026Z] message-hooks: post-filter, msgCount=9
[2026-02-26T01:27:30.026Z] message-hooks: about to search for OPENCODE_GENERIC
[2026-02-26T01:27:30.026Z] message-hooks: searching 9 messages for OPENCODE_GENERIC
[2026-02-26T01:27:30.026Z] message-hooks: found synthetic text at [1]: "[SYSTEM: CURRENT_MODEL_ANNOUNCEMENT - You are GPT-..." matches=false
[2026-02-26T01:27:30.026Z] message-hooks: found synthetic text at [1]: "<available-skills>
Use the use_skill, read_skill_f..." matches=false
[2026-02-26T01:27:30.026Z] message-hooks: generic search complete, found=false, index=-1
[2026-02-26T01:27:30.026Z] message-hooks: no generic part found, checking for pending prompt return
[2026-02-26T01:27:41.246Z] message-hooks: ENTRY msgCount=14, sessions=ses_368728f38ffeIP5WROPNT3huxP
[2026-02-26T01:27:41.246Z] message-hooks: MESSAGES: [0]user: text:"[CONTEXT]: Need external reference patte..." | [1]user: text:"[SYSTEM: CURRENT_MODEL_ANNOUNCEMENT - Yo..."(syn), text:"<available-skills>
Use the use_skill, re..."(syn) | [2]assistant: step-start, reasoning, text:"I'll search for pull-based distributed w...", tool:completed, step-finish, patch | [3]assistant: step-start, reasoning, tool:completed, step-finish, patch | [4]assistant: step-start, reasoning, tool:completed, step-finish, patch | [5]assistant: step-start, reasoning, text:"Now let me search for more specific info...", tool:completed, step-finish, patch | [6]assistant: step-start, reasoning, text:"Let me also look at the local code to un...", tool:completed, step-finish | [7]assistant: step-start, reasoning, tool:completed, step-finish, patch | [8]assistant: step-start, reasoning, tool:completed, step-finish | [9]assistant: step-start, reasoning, tool:completed, step-finish | [10]assistant: step-start, reasoning, tool:completed, step-finish | [11]assistant: step-start, reasoning, tool:completed, step-finish | [12]assistant: step-start, reasoning, tool:completed, step-finish, patch | [13]assistant: step-start, reasoning, text:"Now I understand the system completely. ...", tool:completed, step-finish, patch
[2026-02-26T01:27:41.246Z] message-hooks: post-filter, msgCount=14
[2026-02-26T01:27:41.246Z] message-hooks: about to search for OPENCODE_GENERIC
[2026-02-26T01:27:41.246Z] message-hooks: searching 14 messages for OPENCODE_GENERIC
[2026-02-26T01:27:41.246Z] message-hooks: found synthetic text at [1]: "[SYSTEM: CURRENT_MODEL_ANNOUNCEMENT - You are Mini..." matches=false
[2026-02-26T01:27:41.246Z] message-hooks: found synthetic text at [1]: "<available-skills>
Use the use_skill, read_skill_f..." matches=false
[2026-02-26T01:27:41.246Z] message-hooks: generic search complete, found=false, index=-1
[2026-02-26T01:27:41.246Z] message-hooks: no generic part found, checking for pending prompt return
[2026-02-26T01:28:12.106Z] session.idle: sessionID=ses_368728f38ffeIP5WROPNT3huxP
[2026-02-26T01:28:12.116Z] session.idle: sessionID=ses_368728f38ffeIP5WROPNT3huxP
[2026-02-26T01:28:42.573Z] message-hooks: ENTRY msgCount=17, sessions=ses_368731c70ffesPv2HH2tJnEjyD
[2026-02-26T01:28:42.573Z] message-hooks: MESSAGES: [0]user: text:"After the first few problems are assigne..." | [1]user: text:"[search-mode]
MAXIMIZE SEARCH EFFORT. La..."(syn) | [2]assistant: step-start, reasoning, text:"I detect **fix/investigation intent** — ...", tool:completed, tool:completed, step-finish | [3]assistant: step-start, reasoning, tool:completed, tool:completed, step-finish | [4]user: text:"[search-mode]
MAXIMIZE SEARCH EFFORT. La..."(syn) | [5]user: text:"[search-mode]
MAXIMIZE SEARCH EFFORT. La..."(syn) | [6]assistant: step-start, reasoning, text:"I detect **investigation/fix intent** — ...", tool:completed, step-finish | [7]assistant: step-start, reasoning, tool:completed, tool:completed, tool:completed, tool:completed, tool:completed, tool:completed, step-finish, patch | [8]assistant: step-start, reasoning, text:"Found key hotspots already: `LocalWorker...", tool:completed, tool:completed, tool:completed, tool:completed, tool:completed, tool:completed, step-finish | [9]assistant: step-start, reasoning, tool:completed, step-finish | [10]assistant: step-start, reasoning, tool:completed, step-finish | [11]user: text:"▣ DCP | ~443 tokens saved total

▣ Pruni..." | [12]assistant: step-start, reasoning, text:"Pulled the core classes; next I’m collec...", tool:completed, tool:completed, tool:completed, tool:completed, tool:completed, tool:completed, step-finish, patch | [13]assistant: step-start, reasoning, tool:completed, step-finish, patch | [14]assistant: step-start, reasoning, text:"Consulting Oracle for a final sanity che...", tool:completed, tool:completed, tool:completed, tool:completed, step-finish, patch | [15]user: text:"<system-reminder>
The user sent the foll..." | [16]user: text:"[SYSTEM: CURRENT_MODEL_ANNOUNCEMENT - Yo..."(syn), text:"<system-reminder>
The user sent the foll..."
[2026-02-26T01:28:42.573Z] message-hooks: post-filter, msgCount=17
[2026-02-26T01:28:42.573Z] message-hooks: about to search for OPENCODE_GENERIC
[2026-02-26T01:28:42.573Z] message-hooks: searching 17 messages for OPENCODE_GENERIC
[2026-02-26T01:28:42.573Z] message-hooks: found synthetic text at [1]: "[search-mode]
MAXIMIZE SEARCH EFFORT. Launch multi..." matches=false
[2026-02-26T01:28:42.573Z] message-hooks: found synthetic text at [4]: "[search-mode]
MAXIMIZE SEARCH EFFORT. Launch multi..." matches=false
[2026-02-26T01:28:42.573Z] message-hooks: found synthetic text at [5]: "[search-mode]
MAXIMIZE SEARCH EFFORT. Launch multi..." matches=false
[2026-02-26T01:28:42.573Z] message-hooks: found synthetic text at [16]: "[SYSTEM: CURRENT_MODEL_ANNOUNCEMENT - You are GPT-..." matches=false
[2026-02-26T01:28:42.573Z] message-hooks: generic search complete, found=false, index=-1
[2026-02-26T01:28:42.573Z] message-hooks: no generic part found, checking for pending prompt return
[2026-02-26T01:29:03.561Z] session.idle: sessionID=ses_368728fb1ffeSryXQSZLEoUYGr
[2026-02-26T01:29:03.570Z] session.idle: sessionID=ses_368728fb1ffeSryXQSZLEoUYGr
[2026-02-26T01:29:05.021Z] session.idle: sessionID=ses_368728fb8ffeU1M4ds2jQn3E3g
[2026-02-26T01:29:05.033Z] session.idle: sessionID=ses_368728fb8ffeU1M4ds2jQn3E3g
[2026-02-26T01:29:23.302Z] message-hooks: ENTRY msgCount=20, sessions=ses_368731c70ffesPv2HH2tJnEjyD
[2026-02-26T01:29:23.302Z] message-hooks: MESSAGES: [0]user: text:"After the first few problems are assigne..." | [1]user: text:"[search-mode]
MAXIMIZE SEARCH EFFORT. La..."(syn) | [2]assistant: step-start, reasoning, text:"I detect **fix/investigation intent** — ...", tool:completed, tool:completed, step-finish | [3]assistant: step-start, reasoning, tool:completed, tool:completed, step-finish | [4]user: text:"[search-mode]
MAXIMIZE SEARCH EFFORT. La..."(syn) | [5]user: text:"[search-mode]
MAXIMIZE SEARCH EFFORT. La..."(syn) | [6]assistant: step-start, reasoning, text:"I detect **investigation/fix intent** — ...", tool:completed, step-finish | [7]assistant: step-start, reasoning, tool:completed, tool:completed, tool:completed, tool:completed, tool:completed, tool:completed, step-finish, patch | [8]assistant: step-start, reasoning, text:"Found key hotspots already: `LocalWorker...", tool:completed, tool:completed, tool:completed, tool:completed, tool:completed, tool:completed, step-finish | [9]assistant: step-start, reasoning, tool:completed, step-finish | [10]assistant: step-start, reasoning, tool:completed, step-finish | [11]user: text:"▣ DCP | ~443 tokens saved total

▣ Pruni..." | [12]assistant: step-start, reasoning, text:"Pulled the core classes; next I’m collec...", tool:completed, tool:completed, tool:completed, tool:completed, tool:completed, tool:completed, step-finish, patch | [13]assistant: step-start, reasoning, tool:completed, step-finish, patch | [14]assistant: step-start, reasoning, text:"Consulting Oracle for a final sanity che...", tool:completed, tool:completed, tool:completed, tool:completed, step-finish, patch | [15]user: text:"<system-reminder>
[BACKGROUND TASK COMPL..." | [16]user: text:"<system-reminder>
[BACKGROUND TASK COMPL..." | [17]assistant: step-start, reasoning, text:"I’ve isolated two interacting issues fro...", tool:completed, tool:completed, tool:completed, tool:completed, step-finish, patch | [18]user: text:"<system-reminder>
The user sent the foll..." | [19]user: text:"[SYSTEM: CURRENT_MODEL_ANNOUNCEMENT - Yo..."(syn), text:"<system-reminder>
The user sent the foll..."
[2026-02-26T01:29:23.302Z] message-hooks: post-filter, msgCount=20
[2026-02-26T01:29:23.302Z] message-hooks: about to search for OPENCODE_GENERIC
[2026-02-26T01:29:23.302Z] message-hooks: searching 20 messages for OPENCODE_GENERIC
[2026-02-26T01:29:23.302Z] message-hooks: found synthetic text at [1]: "[search-mode]
MAXIMIZE SEARCH EFFORT. Launch multi..." matches=false
[2026-02-26T01:29:23.302Z] message-hooks: found synthetic text at [4]: "[search-mode]
MAXIMIZE SEARCH EFFORT. Launch multi..." matches=false
[2026-02-26T01:29:23.302Z] message-hooks: found synthetic text at [5]: "[search-mode]
MAXIMIZE SEARCH EFFORT. Launch multi..." matches=false
[2026-02-26T01:29:23.302Z] message-hooks: found synthetic text at [19]: "[SYSTEM: CURRENT_MODEL_ANNOUNCEMENT - You are GPT-..." matches=false
[2026-02-26T01:29:23.302Z] message-hooks: generic search complete, found=false, index=-1
[2026-02-26T01:29:23.302Z] message-hooks: no generic part found, checking for pending prompt return
[2026-02-26T01:29:59.243Z] message-hooks: ENTRY msgCount=23, sessions=ses_368731c70ffesPv2HH2tJnEjyD
[2026-02-26T01:29:59.243Z] message-hooks: MESSAGES: [0]user: text:"After the first few problems are assigne..." | [1]user: text:"[search-mode]
MAXIMIZE SEARCH EFFORT. La..."(syn) | [2]assistant: step-start, reasoning, text:"I detect **fix/investigation intent** — ...", tool:completed, tool:completed, step-finish | [3]assistant: step-start, reasoning, tool:completed, tool:completed, step-finish | [4]user: text:"[search-mode]
MAXIMIZE SEARCH EFFORT. La..."(syn) | [5]user: text:"[search-mode]
MAXIMIZE SEARCH EFFORT. La..."(syn) | [6]assistant: step-start, reasoning, text:"I detect **investigation/fix intent** — ...", tool:completed, step-finish | [7]assistant: step-start, reasoning, tool:completed, tool:completed, tool:completed, tool:completed, tool:completed, tool:completed, step-finish, patch | [8]assistant: step-start, reasoning, text:"Found key hotspots already: `LocalWorker...", tool:completed, tool:completed, tool:completed, tool:completed, tool:completed, tool:completed, step-finish | [9]assistant: step-start, reasoning, tool:completed, step-finish | [10]assistant: step-start, reasoning, tool:completed, step-finish | [11]user: text:"▣ DCP | ~443 tokens saved total

▣ Pruni..." | [12]assistant: step-start, reasoning, text:"Pulled the core classes; next I’m collec...", tool:completed, tool:completed, tool:completed, tool:completed, tool:completed, tool:completed, step-finish, patch | [13]assistant: step-start, reasoning, tool:completed, step-finish, patch | [14]assistant: step-start, reasoning, text:"Consulting Oracle for a final sanity che...", tool:completed, tool:completed, tool:completed, tool:completed, step-finish, patch | [15]user: text:"<system-reminder>
[BACKGROUND TASK COMPL..." | [16]user: text:"<system-reminder>
[BACKGROUND TASK COMPL..." | [17]assistant: step-start, reasoning, text:"I’ve isolated two interacting issues fro...", tool:completed, tool:completed, tool:completed, tool:completed, step-finish, patch | [18]user: text:"<system-reminder>
[BACKGROUND TASK COMPL..." | [19]user: text:"<system-reminder>
[ALL BACKGROUND TASKS ..." | [20]assistant: step-start, reasoning, tool:completed, tool:completed, step-finish | [21]user: text:"▣ DCP | ~7.2K tokens saved total

▣ Prun..." | [22]user: text:"[SYSTEM: CURRENT_MODEL_ANNOUNCEMENT - Yo..."(syn), text:"[search-mode]
MAXIMIZE SEARCH EFFORT. La..."
[2026-02-26T01:29:59.243Z] message-hooks: post-filter, msgCount=23
[2026-02-26T01:29:59.243Z] message-hooks: about to search for OPENCODE_GENERIC
[2026-02-26T01:29:59.243Z] message-hooks: searching 23 messages for OPENCODE_GENERIC
[2026-02-26T01:29:59.243Z] message-hooks: found synthetic text at [1]: "[search-mode]
MAXIMIZE SEARCH EFFORT. Launch multi..." matches=false
[2026-02-26T01:29:59.243Z] message-hooks: found synthetic text at [4]: "[search-mode]
MAXIMIZE SEARCH EFFORT. Launch multi..." matches=false
[2026-02-26T01:29:59.243Z] message-hooks: found synthetic text at [5]: "[search-mode]
MAXIMIZE SEARCH EFFORT. Launch multi..." matches=false
[2026-02-26T01:29:59.243Z] message-hooks: found synthetic text at [22]: "[SYSTEM: CURRENT_MODEL_ANNOUNCEMENT - You are GPT-..." matches=false
[2026-02-26T01:29:59.243Z] message-hooks: generic search complete, found=false, index=-1
[2026-02-26T01:29:59.243Z] message-hooks: no generic part found, checking for pending prompt return
                                                    